MPLINK 4.49, Linker
Linker Map File - Created Thu Mar 09 17:38:34 2017

                                 Section Info
                  Section       Type    Address   Location Size(Bytes)
                ---------  ---------  ---------  ---------  ---------
                   .org_0       code   0x000000    program   0x000000
                   .org_1       code   0x000000    program   0x000002
                   .org_3       code   0x000004    program   0x00000e
                   .org_2       code   0x000100    program   0x000022
  .config_2007_UNTITLED.O       code   0x002007    program   0x000002



                              Program Memory Usage 
                               Start         End      
                           ---------   ---------      
                            0x000000    0x000000      
                            0x000004    0x00000a      
                            0x000100    0x000110      
                            0x002007    0x002007      
            26 out of 1094 program addresses used, program memory utilization is 2%



                              Symbols - Sorted by Name
                     Name    Address   Location    Storage File                     
                ---------  ---------  ---------  --------- ---------                
                      aca   0x00000a    program     static C:\Users\Agustinceravolo\Desktop\Untitled.asm
                   inicio   0x000100    program     static C:\Users\Agustinceravolo\Desktop\Untitled.asm
                     loop   0x00010f    program     static C:\Users\Agustinceravolo\Desktop\Untitled.asm



                              Symbols - Sorted by Address
                     Name    Address   Location    Storage File                     
                ---------  ---------  ---------  --------- ---------                
                      aca   0x00000a    program     static C:\Users\Agustinceravolo\Desktop\Untitled.asm
                   inicio   0x000100    program     static C:\Users\Agustinceravolo\Desktop\Untitled.asm
                     loop   0x00010f    program     static C:\Users\Agustinceravolo\Desktop\Untitled.asm


