MPLINK 4.49, Linker
Linker Map File - Created Tue Mar 07 23:29:45 2017

                                 Section Info
                  Section       Type    Address   Location Size(Bytes)
                ---------  ---------  ---------  ---------  ---------
                   .org_0       code   0x000000    program   0x000036
  .config_2007_UNTITLED.O       code   0x002007    program   0x000002



                              Program Memory Usage 
                               Start         End      
                           ---------   ---------      
                            0x000000    0x00001a      
                            0x002007    0x002007      
            28 out of 1094 program addresses used, program memory utilization is 2%



                              Symbols - Sorted by Name
                     Name    Address   Location    Storage File                     
                ---------  ---------  ---------  --------- ---------                
                   Inicio   0x000005    program     static C:\Users\Agustinceravolo\Documents\Microcontroladores\PIC16f84a\Programas\Bin a 7 segmentos con subrutinas\Untitled.asm
              NumerosDeco   0x00000a    program     static C:\Users\Agustinceravolo\Documents\Microcontroladores\PIC16f84a\Programas\Bin a 7 segmentos con subrutinas\Untitled.asm



                              Symbols - Sorted by Address
                     Name    Address   Location    Storage File                     
                ---------  ---------  ---------  --------- ---------                
                   Inicio   0x000005    program     static C:\Users\Agustinceravolo\Documents\Microcontroladores\PIC16f84a\Programas\Bin a 7 segmentos con subrutinas\Untitled.asm
              NumerosDeco   0x00000a    program     static C:\Users\Agustinceravolo\Documents\Microcontroladores\PIC16f84a\Programas\Bin a 7 segmentos con subrutinas\Untitled.asm


