MPLINK 4.49, Linker
Linker Map File - Created Wed Mar 08 21:27:03 2017

                                 Section Info
                  Section       Type    Address   Location Size(Bytes)
                ---------  ---------  ---------  ---------  ---------
                   .org_0       code   0x000000    program   0x000000
                   .org_1       code   0x000000    program   0x000002
                   .org_2       code   0x000010    program   0x000036
  .config_2007_UNTITLED.O       code   0x002007    program   0x000002



                              Program Memory Usage 
                               Start         End      
                           ---------   ---------      
                            0x000000    0x000000      
                            0x000010    0x00002a      
                            0x002007    0x002007      
            29 out of 1094 program addresses used, program memory utilization is 2%



                              Symbols - Sorted by Name
                     Name    Address   Location    Storage File                     
                ---------  ---------  ---------  --------- ---------                
                AUX_TIMER   0x000023    program     static C:\Users\Agustinceravolo\Documents\Microcontroladores\PIC16f84a\Programas\Titila cada un segundo\Untitled.asm
                    TIMER   0x000021    program     static C:\Users\Agustinceravolo\Documents\Microcontroladores\PIC16f84a\Programas\Titila cada un segundo\Untitled.asm
    TIMER0_DESBORDAMIENTO   0x000026    program     static C:\Users\Agustinceravolo\Documents\Microcontroladores\PIC16f84a\Programas\Titila cada un segundo\Untitled.asm
                   inicio   0x000010    program     static C:\Users\Agustinceravolo\Documents\Microcontroladores\PIC16f84a\Programas\Titila cada un segundo\Untitled.asm
                     loop   0x00001a    program     static C:\Users\Agustinceravolo\Documents\Microcontroladores\PIC16f84a\Programas\Titila cada un segundo\Untitled.asm



                              Symbols - Sorted by Address
                     Name    Address   Location    Storage File                     
                ---------  ---------  ---------  --------- ---------                
                   inicio   0x000010    program     static C:\Users\Agustinceravolo\Documents\Microcontroladores\PIC16f84a\Programas\Titila cada un segundo\Untitled.asm
                     loop   0x00001a    program     static C:\Users\Agustinceravolo\Documents\Microcontroladores\PIC16f84a\Programas\Titila cada un segundo\Untitled.asm
                    TIMER   0x000021    program     static C:\Users\Agustinceravolo\Documents\Microcontroladores\PIC16f84a\Programas\Titila cada un segundo\Untitled.asm
                AUX_TIMER   0x000023    program     static C:\Users\Agustinceravolo\Documents\Microcontroladores\PIC16f84a\Programas\Titila cada un segundo\Untitled.asm
    TIMER0_DESBORDAMIENTO   0x000026    program     static C:\Users\Agustinceravolo\Documents\Microcontroladores\PIC16f84a\Programas\Titila cada un segundo\Untitled.asm


