MPLINK 4.49, Linker
Linker Map File - Created Tue Mar 07 23:02:12 2017

                                 Section Info
                  Section       Type    Address   Location Size(Bytes)
                ---------  ---------  ---------  ---------  ---------
                   .org_0       code   0x000000    program   0x000000
                   .org_1       code   0x000000    program   0x00011e
.config_2007_BIN A 7 SEGMENTOS.O       code   0x002007    program   0x000002



                              Program Memory Usage 
                               Start         End      
                           ---------   ---------      
                            0x000000    0x00008e      
                            0x002007    0x002007      
            144 out of 1094 program addresses used, program memory utilization is 13%



                              Symbols - Sorted by Name
                     Name    Address   Location    Storage File                     
                ---------  ---------  ---------  --------- ---------                
               continua_1   0x00000b    program     static C:\Users\Agustinceravolo\Documents\Microcontroladores\PIC16f84a\Programas\Bin a 7 segmentos sencillo\Bin a 7 segmentos.asm
              continua_10   0x000041    program     static C:\Users\Agustinceravolo\Documents\Microcontroladores\PIC16f84a\Programas\Bin a 7 segmentos sencillo\Bin a 7 segmentos.asm
              continua_11   0x000047    program     static C:\Users\Agustinceravolo\Documents\Microcontroladores\PIC16f84a\Programas\Bin a 7 segmentos sencillo\Bin a 7 segmentos.asm
              continua_12   0x00004d    program     static C:\Users\Agustinceravolo\Documents\Microcontroladores\PIC16f84a\Programas\Bin a 7 segmentos sencillo\Bin a 7 segmentos.asm
              continua_13   0x000053    program     static C:\Users\Agustinceravolo\Documents\Microcontroladores\PIC16f84a\Programas\Bin a 7 segmentos sencillo\Bin a 7 segmentos.asm
              continua_14   0x000059    program     static C:\Users\Agustinceravolo\Documents\Microcontroladores\PIC16f84a\Programas\Bin a 7 segmentos sencillo\Bin a 7 segmentos.asm
              continua_15   0x00005f    program     static C:\Users\Agustinceravolo\Documents\Microcontroladores\PIC16f84a\Programas\Bin a 7 segmentos sencillo\Bin a 7 segmentos.asm
               continua_2   0x000011    program     static C:\Users\Agustinceravolo\Documents\Microcontroladores\PIC16f84a\Programas\Bin a 7 segmentos sencillo\Bin a 7 segmentos.asm
               continua_3   0x000017    program     static C:\Users\Agustinceravolo\Documents\Microcontroladores\PIC16f84a\Programas\Bin a 7 segmentos sencillo\Bin a 7 segmentos.asm
               continua_4   0x00001d    program     static C:\Users\Agustinceravolo\Documents\Microcontroladores\PIC16f84a\Programas\Bin a 7 segmentos sencillo\Bin a 7 segmentos.asm
               continua_5   0x000023    program     static C:\Users\Agustinceravolo\Documents\Microcontroladores\PIC16f84a\Programas\Bin a 7 segmentos sencillo\Bin a 7 segmentos.asm
               continua_6   0x000029    program     static C:\Users\Agustinceravolo\Documents\Microcontroladores\PIC16f84a\Programas\Bin a 7 segmentos sencillo\Bin a 7 segmentos.asm
               continua_7   0x00002f    program     static C:\Users\Agustinceravolo\Documents\Microcontroladores\PIC16f84a\Programas\Bin a 7 segmentos sencillo\Bin a 7 segmentos.asm
               continua_8   0x000035    program     static C:\Users\Agustinceravolo\Documents\Microcontroladores\PIC16f84a\Programas\Bin a 7 segmentos sencillo\Bin a 7 segmentos.asm
               continua_9   0x00003b    program     static C:\Users\Agustinceravolo\Documents\Microcontroladores\PIC16f84a\Programas\Bin a 7 segmentos sencillo\Bin a 7 segmentos.asm
                     es_0   0x000062    program     static C:\Users\Agustinceravolo\Documents\Microcontroladores\PIC16f84a\Programas\Bin a 7 segmentos sencillo\Bin a 7 segmentos.asm
                     es_1   0x000065    program     static C:\Users\Agustinceravolo\Documents\Microcontroladores\PIC16f84a\Programas\Bin a 7 segmentos sencillo\Bin a 7 segmentos.asm
                     es_2   0x000068    program     static C:\Users\Agustinceravolo\Documents\Microcontroladores\PIC16f84a\Programas\Bin a 7 segmentos sencillo\Bin a 7 segmentos.asm
                     es_3   0x00006b    program     static C:\Users\Agustinceravolo\Documents\Microcontroladores\PIC16f84a\Programas\Bin a 7 segmentos sencillo\Bin a 7 segmentos.asm
                     es_4   0x00006e    program     static C:\Users\Agustinceravolo\Documents\Microcontroladores\PIC16f84a\Programas\Bin a 7 segmentos sencillo\Bin a 7 segmentos.asm
                     es_5   0x000071    program     static C:\Users\Agustinceravolo\Documents\Microcontroladores\PIC16f84a\Programas\Bin a 7 segmentos sencillo\Bin a 7 segmentos.asm
                     es_6   0x000074    program     static C:\Users\Agustinceravolo\Documents\Microcontroladores\PIC16f84a\Programas\Bin a 7 segmentos sencillo\Bin a 7 segmentos.asm
                     es_7   0x000077    program     static C:\Users\Agustinceravolo\Documents\Microcontroladores\PIC16f84a\Programas\Bin a 7 segmentos sencillo\Bin a 7 segmentos.asm
                     es_8   0x00007a    program     static C:\Users\Agustinceravolo\Documents\Microcontroladores\PIC16f84a\Programas\Bin a 7 segmentos sencillo\Bin a 7 segmentos.asm
                     es_9   0x00007d    program     static C:\Users\Agustinceravolo\Documents\Microcontroladores\PIC16f84a\Programas\Bin a 7 segmentos sencillo\Bin a 7 segmentos.asm
                     es_A   0x000080    program     static C:\Users\Agustinceravolo\Documents\Microcontroladores\PIC16f84a\Programas\Bin a 7 segmentos sencillo\Bin a 7 segmentos.asm
                     es_B   0x000083    program     static C:\Users\Agustinceravolo\Documents\Microcontroladores\PIC16f84a\Programas\Bin a 7 segmentos sencillo\Bin a 7 segmentos.asm
                     es_C   0x000086    program     static C:\Users\Agustinceravolo\Documents\Microcontroladores\PIC16f84a\Programas\Bin a 7 segmentos sencillo\Bin a 7 segmentos.asm
                     es_D   0x000089    program     static C:\Users\Agustinceravolo\Documents\Microcontroladores\PIC16f84a\Programas\Bin a 7 segmentos sencillo\Bin a 7 segmentos.asm
                     es_E   0x00008c    program     static C:\Users\Agustinceravolo\Documents\Microcontroladores\PIC16f84a\Programas\Bin a 7 segmentos sencillo\Bin a 7 segmentos.asm
                   inicio   0x000005    program     static C:\Users\Agustinceravolo\Documents\Microcontroladores\PIC16f84a\Programas\Bin a 7 segmentos sencillo\Bin a 7 segmentos.asm



                              Symbols - Sorted by Address
                     Name    Address   Location    Storage File                     
                ---------  ---------  ---------  --------- ---------                
                   inicio   0x000005    program     static C:\Users\Agustinceravolo\Documents\Microcontroladores\PIC16f84a\Programas\Bin a 7 segmentos sencillo\Bin a 7 segmentos.asm
               continua_1   0x00000b    program     static C:\Users\Agustinceravolo\Documents\Microcontroladores\PIC16f84a\Programas\Bin a 7 segmentos sencillo\Bin a 7 segmentos.asm
               continua_2   0x000011    program     static C:\Users\Agustinceravolo\Documents\Microcontroladores\PIC16f84a\Programas\Bin a 7 segmentos sencillo\Bin a 7 segmentos.asm
               continua_3   0x000017    program     static C:\Users\Agustinceravolo\Documents\Microcontroladores\PIC16f84a\Programas\Bin a 7 segmentos sencillo\Bin a 7 segmentos.asm
               continua_4   0x00001d    program     static C:\Users\Agustinceravolo\Documents\Microcontroladores\PIC16f84a\Programas\Bin a 7 segmentos sencillo\Bin a 7 segmentos.asm
               continua_5   0x000023    program     static C:\Users\Agustinceravolo\Documents\Microcontroladores\PIC16f84a\Programas\Bin a 7 segmentos sencillo\Bin a 7 segmentos.asm
               continua_6   0x000029    program     static C:\Users\Agustinceravolo\Documents\Microcontroladores\PIC16f84a\Programas\Bin a 7 segmentos sencillo\Bin a 7 segmentos.asm
               continua_7   0x00002f    program     static C:\Users\Agustinceravolo\Documents\Microcontroladores\PIC16f84a\Programas\Bin a 7 segmentos sencillo\Bin a 7 segmentos.asm
               continua_8   0x000035    program     static C:\Users\Agustinceravolo\Documents\Microcontroladores\PIC16f84a\Programas\Bin a 7 segmentos sencillo\Bin a 7 segmentos.asm
               continua_9   0x00003b    program     static C:\Users\Agustinceravolo\Documents\Microcontroladores\PIC16f84a\Programas\Bin a 7 segmentos sencillo\Bin a 7 segmentos.asm
              continua_10   0x000041    program     static C:\Users\Agustinceravolo\Documents\Microcontroladores\PIC16f84a\Programas\Bin a 7 segmentos sencillo\Bin a 7 segmentos.asm
              continua_11   0x000047    program     static C:\Users\Agustinceravolo\Documents\Microcontroladores\PIC16f84a\Programas\Bin a 7 segmentos sencillo\Bin a 7 segmentos.asm
              continua_12   0x00004d    program     static C:\Users\Agustinceravolo\Documents\Microcontroladores\PIC16f84a\Programas\Bin a 7 segmentos sencillo\Bin a 7 segmentos.asm
              continua_13   0x000053    program     static C:\Users\Agustinceravolo\Documents\Microcontroladores\PIC16f84a\Programas\Bin a 7 segmentos sencillo\Bin a 7 segmentos.asm
              continua_14   0x000059    program     static C:\Users\Agustinceravolo\Documents\Microcontroladores\PIC16f84a\Programas\Bin a 7 segmentos sencillo\Bin a 7 segmentos.asm
              continua_15   0x00005f    program     static C:\Users\Agustinceravolo\Documents\Microcontroladores\PIC16f84a\Programas\Bin a 7 segmentos sencillo\Bin a 7 segmentos.asm
                     es_0   0x000062    program     static C:\Users\Agustinceravolo\Documents\Microcontroladores\PIC16f84a\Programas\Bin a 7 segmentos sencillo\Bin a 7 segmentos.asm
                     es_1   0x000065    program     static C:\Users\Agustinceravolo\Documents\Microcontroladores\PIC16f84a\Programas\Bin a 7 segmentos sencillo\Bin a 7 segmentos.asm
                     es_2   0x000068    program     static C:\Users\Agustinceravolo\Documents\Microcontroladores\PIC16f84a\Programas\Bin a 7 segmentos sencillo\Bin a 7 segmentos.asm
                     es_3   0x00006b    program     static C:\Users\Agustinceravolo\Documents\Microcontroladores\PIC16f84a\Programas\Bin a 7 segmentos sencillo\Bin a 7 segmentos.asm
                     es_4   0x00006e    program     static C:\Users\Agustinceravolo\Documents\Microcontroladores\PIC16f84a\Programas\Bin a 7 segmentos sencillo\Bin a 7 segmentos.asm
                     es_5   0x000071    program     static C:\Users\Agustinceravolo\Documents\Microcontroladores\PIC16f84a\Programas\Bin a 7 segmentos sencillo\Bin a 7 segmentos.asm
                     es_6   0x000074    program     static C:\Users\Agustinceravolo\Documents\Microcontroladores\PIC16f84a\Programas\Bin a 7 segmentos sencillo\Bin a 7 segmentos.asm
                     es_7   0x000077    program     static C:\Users\Agustinceravolo\Documents\Microcontroladores\PIC16f84a\Programas\Bin a 7 segmentos sencillo\Bin a 7 segmentos.asm
                     es_8   0x00007a    program     static C:\Users\Agustinceravolo\Documents\Microcontroladores\PIC16f84a\Programas\Bin a 7 segmentos sencillo\Bin a 7 segmentos.asm
                     es_9   0x00007d    program     static C:\Users\Agustinceravolo\Documents\Microcontroladores\PIC16f84a\Programas\Bin a 7 segmentos sencillo\Bin a 7 segmentos.asm
                     es_A   0x000080    program     static C:\Users\Agustinceravolo\Documents\Microcontroladores\PIC16f84a\Programas\Bin a 7 segmentos sencillo\Bin a 7 segmentos.asm
                     es_B   0x000083    program     static C:\Users\Agustinceravolo\Documents\Microcontroladores\PIC16f84a\Programas\Bin a 7 segmentos sencillo\Bin a 7 segmentos.asm
                     es_C   0x000086    program     static C:\Users\Agustinceravolo\Documents\Microcontroladores\PIC16f84a\Programas\Bin a 7 segmentos sencillo\Bin a 7 segmentos.asm
                     es_D   0x000089    program     static C:\Users\Agustinceravolo\Documents\Microcontroladores\PIC16f84a\Programas\Bin a 7 segmentos sencillo\Bin a 7 segmentos.asm
                     es_E   0x00008c    program     static C:\Users\Agustinceravolo\Documents\Microcontroladores\PIC16f84a\Programas\Bin a 7 segmentos sencillo\Bin a 7 segmentos.asm


